## Downloads for v1.28.1

### Source Code

filename | sha512 hash
-------- | -----------
[kubernetes.tar.gz](https://dl.k8s.io/v1.28.1/kubernetes.tar.gz) | 27864cc5219a951a7a6e52b8c8dddf6981d098da1658d96258c870b2c88dfbcb51841aea172a28bafa6a79731165584677066045c959ed0f9929688d04defc29
[kubernetes-src.tar.gz](https://dl.k8s.io/v1.28.1/kubernetes-src.tar.gz) | 27864cc5219a951a7a6e52b8c8dddf6981d098da1658d96258c870b2c88dfbcb51841aea172a28bafa6a79731165584677066045c959ed0f9929688d04defc29

### Client Binaries

filename | sha512 hash
-------- | -----------
[kubernetes-client-darwin-386.tar.gz](https://dl.k8s.io/v1.28.1/kubernetes-client-darwin-386.tar.gz) | 27864cc5219a951a7a6e52b8c8dddf6981d098da1658d96258c870b2c88dfbcb51841aea172a28bafa6a79731165584677066045c959ed0f9929688d04defc29
[kubernetes-client-darwin-amd64.tar.gz](https://dl.k8s.io/v1.28.1/kubernetes-client-darwin-amd64.tar.gz) | 27864cc5219a951a7a6e52b8c8dddf6981d098da1658d96258c870b2c88dfbcb51841aea172a28bafa6a79731165584677066045c959ed0f9929688d04defc29
[kubernetes-client-linux-386.tar.gz](https://dl.k8s.io/v1.28.1/kubernetes-client-linux-386.tar.gz) | 27864cc5219a951a7a6e52b8c8dddf6981d098da1658d96258c870b2c88dfbcb51841aea172a28bafa6a79731165584677066045c959ed0f9929688d04defc29
[kubernetes-client-linux-amd64.tar.gz](https://dl.k8s.io/v1.28.1/kubernetes-client-linux-amd64.tar.gz) | 27864cc5219a951a7a6e52b8c8dddf6981d098da1658d96258c870b2c88dfbcb51841aea172a28bafa6a79731165584677066045c959ed0f9929688d04defc29
[kubernetes-client-linux-arm.tar.gz](https://dl.k8s.io/v1.28.1/kubernetes-client-linux-arm.tar.gz) | 27864cc5219a951a7a6e52b8c8dddf6981d098da1658d96258c870b2c88dfbcb51841aea172a28bafa6a79731165584677066045c959ed0f9929688d04defc29
[kubernetes-client-linux-arm64.tar.gz](https://dl.k8s.io/v1.28.1/kubernetes-client-linux-arm64.tar.gz) | 27864cc5219a951a7a6e52b8c8dddf6981d098da1658d96258c870b2c88dfbcb51841aea172a28bafa6a79731165584677066045c959ed0f9929688d04defc29
[kubernetes-client-linux-ppc64le.tar.gz](https://dl.k8s.io/v1.28.1/kubernetes-client-linux-ppc64le.tar.gz) | 27864cc5219a951a7a6e52b8c8dddf6981d098da1658d96258c870b2c88dfbcb51841aea172a28bafa6a79731165584677066045c959ed0f9929688d04defc29
[kubernetes-client-linux-s390x.tar.gz](https://dl.k8s.io/v1.28.1/kubernetes-client-linux-s390x.tar.gz) | 27864cc5219a951a7a6e52b8c8dddf6981d098da1658d96258c870b2c88dfbcb51841aea172a28bafa6a79731165584677066045c959ed0f9929688d04defc29
[kubernetes-client-windows-386.tar.gz](https://dl.k8s.io/v1.28.1/kubernetes-client-windows-386.tar.gz) | 27864cc5219a951a7a6e52b8c8dddf6981d098da1658d96258c870b2c88dfbcb51841aea172a28bafa6a79731165584677066045c959ed0f9929688d04defc29
[kubernetes-client-windows-amd64.tar.gz](https://dl.k8s.io/v1.28.1/kubernetes-client-windows-amd64.tar.gz) | 27864cc5219a951a7a6e52b8c8dddf6981d098da1658d96258c870b2c88dfbcb51841aea172a28bafa6a79731165584677066045c959ed0f9929688d04defc29
[kubernetes-client-windows-arm64.tar.gz](https://dl.k8s.io/v1.28.1/kubernetes-client-windows-arm64.tar.gz) | 27864cc5219a951a7a6e52b8c8dddf6981d098da1658d96258c870b2c88dfbcb51841aea172a28bafa6a79731165584677066045c959ed0f9929688d04defc29

### Server Binaries

filename | sha512 hash
-------- | -----------
[kubernetes-server-linux-amd64.tar.gz](https://dl.k8s.io/v1.28.1/kubernetes-server-linux-amd64.tar.gz) | 27864cc5219a951a7a6e52b8c8dddf6981d098da1658d96258c870b2c88dfbcb51841aea172a28bafa6a79731165584677066045c959ed0f9929688d04defc29
[kubernetes-server-linux-arm64.tar.gz](https://dl.k8s.io/v1.28.1/kubernetes-server-linux-arm64.tar.gz) | 27864cc5219a951a7a6e52b8c8dddf6981d098da1658d96258c870b2c88dfbcb51841aea172a28bafa6a79731165584677066045c959ed0f9929688d04defc29
[kubernetes-server-linux-ppc64le.tar.gz](https://dl.k8s.io/v1.28.1/kubernetes-server-linux-ppc64le.tar.gz) | 27864cc5219a951a7a6e52b8c8dddf6981d098da1658d96258c870b2c88dfbcb51841aea172a28bafa6a79731165584677066045c959ed0f9929688d04defc29
[kubernetes-server-linux-s390x.tar.gz](https://dl.k8s.io/v1.28.1/kubernetes-server-linux-s390x.tar.gz) | 27864cc5219a951a7a6e52b8c8dddf6981d098da1658d96258c870b2c88dfbcb51841aea172a28bafa6a79731165584677066045c959ed0f9929688d04defc29

### Node Binaries

filename | sha512 hash
-------- | -----------
[kubernetes-node-linux-amd64.tar.gz](https://dl.k8s.io/v1.28.1/kubernetes-node-linux-amd64.tar.gz) | 27864cc5219a951a7a6e52b8c8dddf6981d098da1658d96258c870b2c88dfbcb51841aea172a28bafa6a79731165584677066045c959ed0f9929688d04defc29
[kubernetes-node-linux-arm64.tar.gz](https://dl.k8s.io/v1.28.1/kubernetes-node-linux-arm64.tar.gz) | 27864cc5219a951a7a6e52b8c8dddf6981d098da1658d96258c870b2c88dfbcb51841aea172a28bafa6a79731165584677066045c959ed0f9929688d04defc29
[kubernetes-node-linux-ppc64le.tar.gz](https://dl.k8s.io/v1.28.1/kubernetes-node-linux-ppc64le.tar.gz) | 27864cc5219a951a7a6e52b8c8dddf6981d098da1658d96258c870b2c88dfbcb51841aea172a28bafa6a79731165584677066045c959ed0f9929688d04defc29
[kubernetes-node-linux-s390x.tar.gz](https://dl.k8s.io/v1.28.1/kubernetes-node-linux-s390x.tar.gz) | 27864cc5219a951a7a6e52b8c8dddf6981d098da1658d96258c870b2c88dfbcb51841aea172a28bafa6a79731165584677066045c959ed0f9929688d04defc29
[kubernetes-node-windows-amd64.tar.gz](https://dl.k8s.io/v1.28.1/kubernetes-node-windows-amd64.tar.gz) | 27864cc5219a951a7a6e52b8c8dddf6981d098da1658d96258c870b2c88dfbcb51841aea172a28bafa6a79731165584677066045c959ed0f9929688d04defc29

### Container Images

All container images are available as manifest lists and support the described
architectures. It is also possible to pull a specific architecture directly by
adding the "-$ARCH" suffix  to the container image name.

name | architectures
---- | -------------
[registry.k8s.io/conformance:v1.28.1](https://console.cloud.google.com/artifacts/docker/k8s-artifacts-prod/southamerica-east1/images/conformance) | [amd64](https://console.cloud.google.com/artifacts/docker/k8s-artifacts-prod/southamerica-east1/images/conformance-amd64), [arm64](https://console.cloud.google.com/artifacts/docker/k8s-artifacts-prod/southamerica-east1/images/conformance-arm64), [ppc64le](https://console.cloud.google.com/artifacts/docker/k8s-artifacts-prod/southamerica-east1/images/conformance-ppc64le), [s390x](https://console.cloud.google.com/artifacts/docker/k8s-artifacts-prod/southamerica-east1/images/conformance-s390x)
[registry.k8s.io/kube-apiserver:v1.28.1](https://console.cloud.google.com/artifacts/docker/k8s-artifacts-prod/southamerica-east1/images/kube-apiserver) | [amd64](https://console.cloud.google.com/artifacts/docker/k8s-artifacts-prod/southamerica-east1/images/kube-apiserver-amd64), [arm64](https://console.cloud.google.com/artifacts/docker/k8s-artifacts-prod/southamerica-east1/images/kube-apiserver-arm64), [ppc64le](https://console.cloud.google.com/artifacts/docker/k8s-artifacts-prod/southamerica-east1/images/kube-apiserver-ppc64le), [s390x](https://console.cloud.google.com/artifacts/docker/k8s-artifacts-prod/southamerica-east1/images/kube-apiserver-s390x)
[registry.k8s.io/kube-controller-manager:v1.28.1](https://console.cloud.google.com/artifacts/docker/k8s-artifacts-prod/southamerica-east1/images/kube-controller-manager) | [amd64](https://console.cloud.google.com/artifacts/docker/k8s-artifacts-prod/southamerica-east1/images/kube-controller-manager-amd64), [arm64](https://console.cloud.google.com/artifacts/docker/k8s-artifacts-prod/southamerica-east1/images/kube-controller-manager-arm64), [ppc64le](https://console.cloud.google.com/artifacts/docker/k8s-artifacts-prod/southamerica-east1/images/kube-controller-manager-ppc64le), [s390x](https://console.cloud.google.com/artifacts/docker/k8s-artifacts-prod/southamerica-east1/images/kube-controller-manager-s390x)
[registry.k8s.io/kube-proxy:v1.28.1](https://console.cloud.google.com/artifacts/docker/k8s-artifacts-prod/southamerica-east1/images/kube-proxy) | [amd64](https://console.cloud.google.com/artifacts/docker/k8s-artifacts-prod/southamerica-east1/images/kube-proxy-amd64), [arm64](https://console.cloud.google.com/artifacts/docker/k8s-artifacts-prod/southamerica-east1/images/kube-proxy-arm64), [ppc64le](https://console.cloud.google.com/artifacts/docker/k8s-artifacts-prod/southamerica-east1/images/kube-proxy-ppc64le), [s390x](https://console.cloud.google.com/artifacts/docker/k8s-artifacts-prod/southamerica-east1/images/kube-proxy-s390x)
[registry.k8s.io/kube-scheduler:v1.28.1](https://console.cloud.google.com/artifacts/docker/k8s-artifacts-prod/southamerica-east1/images/kube-scheduler) | [amd64](https://console.cloud.google.com/artifacts/docker/k8s-artifacts-prod/southamerica-east1/images/kube-scheduler-amd64), [arm64](https://console.cloud.google.com/artifacts/docker/k8s-artifacts-prod/southamerica-east1/images/kube-scheduler-arm64), [ppc64le](https://console.cloud.google.com/artifacts/docker/k8s-artifacts-prod/southamerica-east1/images/kube-scheduler-ppc64le), [s390x](https://console.cloud.google.com/artifacts/docker/k8s-artifacts-prod/southamerica-east1/images/kube-scheduler-s390x)
[registry.k8s.io/kubectl:v1.28.1](https://console.cloud.google.com/artifacts/docker/k8s-artifacts-prod/southamerica-east1/images/kubectl) | [amd64](https://console.cloud.google.com/artifacts/docker/k8s-artifacts-prod/southamerica-east1/images/kubectl-amd64), [arm64](https://console.cloud.google.com/artifacts/docker/k8s-artifacts-prod/southamerica-east1/images/kubectl-arm64), [ppc64le](https://console.cloud.google.com/artifacts/docker/k8s-artifacts-prod/southamerica-east1/images/kubectl-ppc64le), [s390x](https://console.cloud.google.com/artifacts/docker/k8s-artifacts-prod/southamerica-east1/images/kubectl-s390x)

## Urgent Upgrade Notes 

### (No, really, you MUST read this before you upgrade)

- Action required note.
 
## Changes by Kind

### Deprecation

- Deprecation #1.
- This note is duplicated across SIGs.

### Feature

- A feature.

### Design

- Design change.

### Documentation

- Update docs.

### Failing Test

- Fix a failing test.

### Bug or Regression

- Bugfix.
- This note was prepended with a dash (-) initially.
- This note was prepended with a star (*) initially.

### Other (Cleanup or Flake)

- Clean up.
- Fix a flakey test.

### Uncategorized

- Uncategorized note.
